SQL> SELECT ENAME
  2  FROM EMP
  3  WHERE LENGTH(ENAME) =4;

ENAME                                                                                               
----------                                                                                          
WARD                                                                                                
KING                                                                                                
FORD                                                                                                

SQL> SELECT JOB
  2  FROM EMP
  3  WHERE LENGTH(JOB) =7;

JOB                                                                                                 
---------                                                                                           
MANAGER                                                                                             
MANAGER                                                                                             
MANAGER                                                                                             
ANALYST                                                                                             
ANALYST                                                                                             

SQL> SELECT LENGTH('QSPIDER')-LENGTH(REPLACE('QSPIDERS','S'))
  2  FROM DUAL
  3  /

LENGTH('QSPIDER')-LENGTH(REPLACE('QSPIDERS','S'))                                                   
-------------------------------------------------                                                   
                                                1                                                   

SQL> ED
Wrote file afiedt.buf

  1  SELECT LENGTH('QSPIDERS')-LENGTH(REPLACE('QSPIDERS','S'))
  2* FROM DUAL
SQL> SELECT ENAME
  2  FROM EMP
  3  WHERE SUBSTR(JOB,LENGTH(JOB),-2,3)='man';
WHERE SUBSTR(JOB,LENGTH(JOB),-2,3)='man'
                                *
ERROR at line 3:
ORA-00939: too many arguments for function 


SQL> ed
Wrote file afiedt.buf

  1  SELECT ENAME
  2  FROM EMP
  3* WHERE SUBSTR(JOB, LENGTH(JOB) -2, 3)='man'
SQL> /

no rows selected

SQL> ed
Wrote file afiedt.buf

  1  SELECT JOB
  2  FROM EMP
  3* WHERE SUBSTR(JOB, LENGTH(JOB) -2, 3)='man'
SQL> /

no rows selected

SQL> ED
Wrote file afiedt.buf

  1  SELECT JOB
  2  FROM EMP
  3* WHERE SUBSTR(JOB, LENGTH(JOB) -2, 3)='MAN'
SQL> /

JOB                                                                                                 
---------                                                                                           
SALESMAN                                                                                            
SALESMAN                                                                                            
SALESMAN                                                                                            
SALESMAN                                                                                            

SQL> SELECT JOB
  2  FROM EMP
  3  WHERE SUBSTR(JOB,1,3)='MAN'
  4  /

JOB                                                                                                 
---------                                                                                           
MANAGER                                                                                             
MANAGER                                                                                             
MANAGER                                                                                             

SQL> SELECT DNAME
  2  FROM DEPT
  3  WHERE DNAME LIKE '%O%;
ERROR:
ORA-01756: quoted string not properly terminated 


SQL> ED
Wrote file afiedt.buf

  1  SELECT DNAME
  2  FROM DEPT
  3* WHERE DNAME LIKE '%O%'
SQL> /

DNAME                                                                                               
--------------                                                                                      
ACCOUNTING                                                                                          
OPERATIONS                                                                                          

SQL> SELECT LENGTH('HELLLLL') -LENGTH(REPLACE('HELLLLL' ,'L'))
  2  FROM DUAL;

LENGTH('HELLLLL')-LENGTH(REPLACE('HELLLLL','L'))                                                    
------------------------------------------------                                                    
                                               5                                                    

SQL> SELECT ENAME
  2  FROM EMP
  3  WHERE LENGTH(ENAME)-LENGTH(REPLACE(ENAME,'L'))=1;

ENAME                                                                                               
----------                                                                                          
BLAKE                                                                                               
CLARK                                                                                               

SQL> SELECT LOWER(SUBSTR(ENAME,1,3)) || UPPER(SUBSTR(ENAME,4))
  2  FROM EMP
  3  ED
  4  ED
  5  ;
ED
*
ERROR at line 4:
ORA-00933: SQL command not properly ended 


SQL> ED
Wrote file afiedt.buf

  1  SELECT LOWER(SUBSTR(ENAME,1,3)) || UPPER(SUBSTR(ENAME,4))
  2* FROM EMP;
  3  /
FROM EMP;
        *
ERROR at line 2:
ORA-00911: invalid character 


SQL> ED
Wrote file afiedt.buf

  1  SELECT LOWER(SUBSTR(ENAME,1,3)) || UPPER(SUBSTR(ENAME,4))
  2* FROM EMP
SQL> /

LOWER(SUBS                                                                                          
----------                                                                                          
smiTH                                                                                               
allEN                                                                                               
warD                                                                                                
jonES                                                                                               
marTIN                                                                                              
blaKE                                                                                               
claRK                                                                                               
scoTT                                                                                               
kinG                                                                                                
turNER                                                                                              
adaMS                                                                                               
jamES                                                                                               
forD                                                                                                
milLER                                                                                              

14 rows selected.

SQL> SPOOL OFF;
